y = zeros(16, 16);
y(1, 1) = 0.00556702; y(1, 2) = 0.00871285; y(1, 3) = 0.0112052; y(1, 4) = 0.0118415; y(1, 5) = 0.0102828; y(1, 6) = 0.00733742; y(1, 7) = 0.00430227; y(1, 8) = 0.00207288; y(1, 9) = 0.000820684; y(1, 10) = 0.000266993; y(1, 11) = 7.13753e-05; y(1, 12) = 1.5679e-05; y(1, 13) = 2.83018e-06; y(1, 14) = 4.1979e-07; y(1, 15) = 5.1165e-08; y(1, 16) = 5.12434e-09; y(2, 1) = 0.00556702; y(2, 2) = 0.00871285; y(2, 3) = 0.0112052; y(2, 4) = 0.0118415; y(2, 5) = 0.0102828; y(2, 6) = 0.00733742; y(2, 7) = 0.00430227; y(2, 8) = 0.00207288; y(2, 9) = 0.000820684; y(2, 10) = 0.000266993; y(2, 11) = 7.13753e-05; y(2, 12) = 1.5679e-05; y(2, 13) = 2.83018e-06; y(2, 14) = 4.1979e-07; y(2, 15) = 5.1165e-08; y(2, 16) = 5.12434e-09; y(3, 1) = 0.00556702; y(3, 2) = 0.00871285; y(3, 3) = 0.0112052; y(3, 4) = 0.0118415; y(3, 5) = 0.0102828; y(3, 6) = 0.00733742; y(3, 7) = 0.00430227; y(3, 8) = 0.00207288; y(3, 9) = 0.000820684; y(3, 10) = 0.000266993; y(3, 11) = 7.13753e-05; y(3, 12) = 1.5679e-05; y(3, 13) = 2.83018e-06; y(3, 14) = 4.1979e-07; y(3, 15) = 5.1165e-08; y(3, 16) = 5.12434e-09; y(4, 1) = 0.00556702; y(4, 2) = 0.00871285; y(4, 3) = 0.0112052; y(4, 4) = 0.0118415; y(4, 5) = 0.0102828; y(4, 6) = 0.00733742; y(4, 7) = 0.00430227; y(4, 8) = 0.00207288; y(4, 9) = 0.000820684; y(4, 10) = 0.000266993; y(4, 11) = 7.13753e-05; y(4, 12) = 1.5679e-05; y(4, 13) = 2.83018e-06; y(4, 14) = 4.1979e-07; y(4, 15) = 5.1165e-08; y(4, 16) = 5.12434e-09; y(5, 1) = 0.00556702; y(5, 2) = 0.00871285; y(5, 3) = 0.0112052; y(5, 4) = 0.0118415; y(5, 5) = 0.0102828; y(5, 6) = 0.00733742; y(5, 7) = 0.00430227; y(5, 8) = 0.00207288; y(5, 9) = 0.000820684; y(5, 10) = 0.000266993; y(5, 11) = 7.13753e-05; y(5, 12) = 1.5679e-05; y(5, 13) = 2.83018e-06; y(5, 14) = 4.1979e-07; y(5, 15) = 5.1165e-08; y(5, 16) = 5.12434e-09; y(6, 1) = 0.00556702; y(6, 2) = 0.00871285; y(6, 3) = 0.0112052; y(6, 4) = 0.0118415; y(6, 5) = 0.0102828; y(6, 6) = 0.00733742; y(6, 7) = 0.00430227; y(6, 8) = 0.00207288; y(6, 9) = 0.000820684; y(6, 10) = 0.000266993; y(6, 11) = 7.13753e-05; y(6, 12) = 1.5679e-05; y(6, 13) = 2.83018e-06; y(6, 14) = 4.1979e-07; y(6, 15) = 5.1165e-08; y(6, 16) = 5.12434e-09; y(7, 1) = 0.00556702; y(7, 2) = 0.00871285; y(7, 3) = 0.0112052; y(7, 4) = 0.0118415; y(7, 5) = 0.0102828; y(7, 6) = 0.00733742; y(7, 7) = 0.00430227; y(7, 8) = 0.00207288; y(7, 9) = 0.000820684; y(7, 10) = 0.000266993; y(7, 11) = 7.13753e-05; y(7, 12) = 1.5679e-05; y(7, 13) = 2.83018e-06; y(7, 14) = 4.1979e-07; y(7, 15) = 5.1165e-08; y(7, 16) = 5.12434e-09; y(8, 1) = 0.00556702; y(8, 2) = 0.00871285; y(8, 3) = 0.0112052; y(8, 4) = 0.0118415; y(8, 5) = 0.0102828; y(8, 6) = 0.00733742; y(8, 7) = 0.00430227; y(8, 8) = 0.00207288; y(8, 9) = 0.000820684; y(8, 10) = 0.000266993; y(8, 11) = 7.13753e-05; y(8, 12) = 1.5679e-05; y(8, 13) = 2.83018e-06; y(8, 14) = 4.1979e-07; y(8, 15) = 5.1165e-08; y(8, 16) = 5.12434e-09; y(9, 1) = 0.00556702; y(9, 2) = 0.00871285; y(9, 3) = 0.0112052; y(9, 4) = 0.0118415; y(9, 5) = 0.0102828; y(9, 6) = 0.00733742; y(9, 7) = 0.00430227; y(9, 8) = 0.00207288; y(9, 9) = 0.000820684; y(9, 10) = 0.000266993; y(9, 11) = 7.13753e-05; y(9, 12) = 1.5679e-05; y(9, 13) = 2.83018e-06; y(9, 14) = 4.1979e-07; y(9, 15) = 5.1165e-08; y(9, 16) = 5.12434e-09; y(10, 1) = 0.00556702; y(10, 2) = 0.00871285; y(10, 3) = 0.0112052; y(10, 4) = 0.0118415; y(10, 5) = 0.0102828; y(10, 6) = 0.00733742; y(10, 7) = 0.00430227; y(10, 8) = 0.00207288; y(10, 9) = 0.000820684; y(10, 10) = 0.000266993; y(10, 11) = 7.13753e-05; y(10, 12) = 1.5679e-05; y(10, 13) = 2.83018e-06; y(10, 14) = 4.1979e-07; y(10, 15) = 5.1165e-08; y(10, 16) = 5.12434e-09; y(11, 1) = 0.00556702; y(11, 2) = 0.00871285; y(11, 3) = 0.0112052; y(11, 4) = 0.0118415; y(11, 5) = 0.0102828; y(11, 6) = 0.00733742; y(11, 7) = 0.00430227; y(11, 8) = 0.00207288; y(11, 9) = 0.000820684; y(11, 10) = 0.000266993; y(11, 11) = 7.13753e-05; y(11, 12) = 1.5679e-05; y(11, 13) = 2.83018e-06; y(11, 14) = 4.1979e-07; y(11, 15) = 5.1165e-08; y(11, 16) = 5.12434e-09; y(12, 1) = 0.00556702; y(12, 2) = 0.00871285; y(12, 3) = 0.0112052; y(12, 4) = 0.0118415; y(12, 5) = 0.0102828; y(12, 6) = 0.00733742; y(12, 7) = 0.00430227; y(12, 8) = 0.00207288; y(12, 9) = 0.000820684; y(12, 10) = 0.000266993; y(12, 11) = 7.13753e-05; y(12, 12) = 1.5679e-05; y(12, 13) = 2.83018e-06; y(12, 14) = 4.1979e-07; y(12, 15) = 5.1165e-08; y(12, 16) = 5.12434e-09; y(13, 1) = 0.00556702; y(13, 2) = 0.00871285; y(13, 3) = 0.0112052; y(13, 4) = 0.0118415; y(13, 5) = 0.0102828; y(13, 6) = 0.00733742; y(13, 7) = 0.00430227; y(13, 8) = 0.00207288; y(13, 9) = 0.000820684; y(13, 10) = 0.000266993; y(13, 11) = 7.13753e-05; y(13, 12) = 1.5679e-05; y(13, 13) = 2.83018e-06; y(13, 14) = 4.1979e-07; y(13, 15) = 5.1165e-08; y(13, 16) = 5.12434e-09; y(14, 1) = 0.00556702; y(14, 2) = 0.00871285; y(14, 3) = 0.0112052; y(14, 4) = 0.0118415; y(14, 5) = 0.0102828; y(14, 6) = 0.00733742; y(14, 7) = 0.00430227; y(14, 8) = 0.00207288; y(14, 9) = 0.000820684; y(14, 10) = 0.000266993; y(14, 11) = 7.13753e-05; y(14, 12) = 1.5679e-05; y(14, 13) = 2.83018e-06; y(14, 14) = 4.1979e-07; y(14, 15) = 5.1165e-08; y(14, 16) = 5.12434e-09; y(15, 1) = 0.00556702; y(15, 2) = 0.00871285; y(15, 3) = 0.0112052; y(15, 4) = 0.0118415; y(15, 5) = 0.0102828; y(15, 6) = 0.00733742; y(15, 7) = 0.00430227; y(15, 8) = 0.00207288; y(15, 9) = 0.000820684; y(15, 10) = 0.000266993; y(15, 11) = 7.13753e-05; y(15, 12) = 1.5679e-05; y(15, 13) = 2.83018e-06; y(15, 14) = 4.1979e-07; y(15, 15) = 5.1165e-08; y(15, 16) = 5.12434e-09; y(16, 1) = 0.00556702; y(16, 2) = 0.00871285; y(16, 3) = 0.0112052; y(16, 4) = 0.0118415; y(16, 5) = 0.0102828; y(16, 6) = 0.00733742; y(16, 7) = 0.00430227; y(16, 8) = 0.00207288; y(16, 9) = 0.000820684; y(16, 10) = 0.000266993; y(16, 11) = 7.13753e-05; y(16, 12) = 1.5679e-05; y(16, 13) = 2.83018e-06; y(16, 14) = 4.1979e-07; y(16, 15) = 5.1165e-08; y(16, 16) = 5.12434e-09; bar3(y,'detached');
